{
  "Resources": {
    "MyLambdaServiceRole4539ECB6": {
      "Type": "AWS::IAM::Role",
      "Properties": {
        "AssumeRolePolicyDocument": {
          "Statement": [
            {
              "Action": "sts:AssumeRole",
              "Effect": "Allow",
              "Principal": {
                "Service": "lambda.amazonaws.com"
              }
            }
          ],
          "Version": "2012-10-17"
        },
        "ManagedPolicyArns": [
          {
            "Fn::Join": [
              "",
              [
                "arn:",
                {
                  "Ref": "AWS::Partition"
                },
                ":iam::aws:policy/service-role/AWSLambdaBasicExecutionRole"
              ]
            ]
          }
        ]
      }
    },
    "MyLambdaCCE802FB": {
      "Type": "AWS::Lambda::Function",
      "Properties": {
        "Code": {
          "S3Bucket": {
            "Ref": "AssetParameters5bfcc5e85793015838d125d6e30f1a931da22ebe768a9bad5cd1b17fd6bd0a3cS3BucketE8900D83"
          },
          "S3Key": {
            "Fn::Join": [
              "",
              [
                {
                  "Fn::Select": [
                    0,
                    {
                      "Fn::Split": [
                        "||",
                        {
                          "Ref": "AssetParameters5bfcc5e85793015838d125d6e30f1a931da22ebe768a9bad5cd1b17fd6bd0a3cS3VersionKeyFD066EB8"
                        }
                      ]
                    }
                  ]
                },
                {
                  "Fn::Select": [
                    1,
                    {
                      "Fn::Split": [
                        "||",
                        {
                          "Ref": "AssetParameters5bfcc5e85793015838d125d6e30f1a931da22ebe768a9bad5cd1b17fd6bd0a3cS3VersionKeyFD066EB8"
                        }
                      ]
                    }
                  ]
                }
              ]
            ]
          }
        },
        "Handler": "index.main",
        "Role": {
          "Fn::GetAtt": [
            "MyLambdaServiceRole4539ECB6",
            "Arn"
          ]
        },
        "Runtime": "python3.8"
      },
      "DependsOn": [
        "MyLambdaServiceRole4539ECB6"
      ]
    },
    "MyLambdaCurrentVersionE7A382CC16bb4a7abf5d771ad2c2be359290ccde": {
      "Type": "AWS::Lambda::Version",
      "Properties": {
        "FunctionName": {
          "Ref": "MyLambdaCCE802FB"
        }
      },
      "UpdateReplacePolicy": "Retain",
      "DeletionPolicy": "Retain"
    },
    "MyLambdaCurrentVersionEventInvokeConfigD120DC68": {
      "Type": "AWS::Lambda::EventInvokeConfig",
      "Properties": {
        "FunctionName": {
          "Ref": "MyLambdaCCE802FB"
        },
        "Qualifier": {
          "Fn::GetAtt": [
            "MyLambdaCurrentVersionE7A382CC16bb4a7abf5d771ad2c2be359290ccde",
            "Version"
          ]
        },
        "MaximumRetryAttempts": 1
      }
    },
    "MyLambdaCurrentVersionAliaslive9151E913": {
      "Type": "AWS::Lambda::Alias",
      "Properties": {
        "FunctionName": {
          "Ref": "MyLambdaCCE802FB"
        },
        "FunctionVersion": {
          "Fn::GetAtt": [
            "MyLambdaCurrentVersionE7A382CC16bb4a7abf5d771ad2c2be359290ccde",
            "Version"
          ]
        },
        "Name": "live"
      }
    }
  },
  "Parameters": {
    "AssetParameters5bfcc5e85793015838d125d6e30f1a931da22ebe768a9bad5cd1b17fd6bd0a3cS3BucketE8900D83": {
      "Type": "String",
      "Description": "S3 bucket for asset \"5bfcc5e85793015838d125d6e30f1a931da22ebe768a9bad5cd1b17fd6bd0a3c\""
    },
    "AssetParameters5bfcc5e85793015838d125d6e30f1a931da22ebe768a9bad5cd1b17fd6bd0a3cS3VersionKeyFD066EB8": {
      "Type": "String",
      "Description": "S3 key for asset version \"5bfcc5e85793015838d125d6e30f1a931da22ebe768a9bad5cd1b17fd6bd0a3c\""
    },
    "AssetParameters5bfcc5e85793015838d125d6e30f1a931da22ebe768a9bad5cd1b17fd6bd0a3cArtifactHashD5562C20": {
      "Type": "String",
      "Description": "Artifact hash for asset \"5bfcc5e85793015838d125d6e30f1a931da22ebe768a9bad5cd1b17fd6bd0a3c\""
    }
  }
}