{
  "Resources": {
    "MyLayer38944FA5": {
      "Type": "AWS::Lambda::LayerVersion",
      "Properties": {
        "Content": {
          "S3Bucket": {
            "Ref": "AssetParameters5bfcc5e85793015838d125d6e30f1a931da22ebe768a9bad5cd1b17fd6bd0a3cS3BucketE8900D83"
          },
          "S3Key": {
            "Fn::Join": [
              "",
              [
                {
                  "Fn::Select": [
                    0,
                    {
                      "Fn::Split": [
                        "||",
                        {
                          "Ref": "AssetParameters5bfcc5e85793015838d125d6e30f1a931da22ebe768a9bad5cd1b17fd6bd0a3cS3VersionKeyFD066EB8"
                        }
                      ]
                    }
                  ]
                },
                {
                  "Fn::Select": [
                    1,
                    {
                      "Fn::Split": [
                        "||",
                        {
                          "Ref": "AssetParameters5bfcc5e85793015838d125d6e30f1a931da22ebe768a9bad5cd1b17fd6bd0a3cS3VersionKeyFD066EB8"
                        }
                      ]
                    }
                  ]
                }
              ]
            ]
          }
        },
        "CompatibleRuntimes": [
          "nodejs10.x"
        ],
        "Description": "A layer to test the L2 construct",
        "LicenseInfo": "Apache-2.0"
      }
    },
    "MyLayerremoteaccountgrant715E5D21": {
      "Type": "AWS::Lambda::LayerVersionPermission",
      "Properties": {
        "Action": "lambda:GetLayerVersion",
        "LayerVersionArn": {
          "Ref": "MyLayer38944FA5"
        },
        "Principal": {
          "Ref": "AWS::AccountId"
        }
      }
    },
    "MyLayeredLambdaServiceRole1A7DC118": {
      "Type": "AWS::IAM::Role",
      "Properties": {
        "AssumeRolePolicyDocument": {
          "Statement": [
            {
              "Action": "sts:AssumeRole",
              "Effect": "Allow",
              "Principal": {
                "Service": "lambda.amazonaws.com"
              }
            }
          ],
          "Version": "2012-10-17"
        },
        "ManagedPolicyArns": [
          {
            "Fn::Join": [
              "",
              [
                "arn:",
                {
                  "Ref": "AWS::Partition"
                },
                ":iam::aws:policy/service-role/AWSLambdaBasicExecutionRole"
              ]
            ]
          }
        ]
      }
    },
    "MyLayeredLambda9A3008D1": {
      "Type": "AWS::Lambda::Function",
      "Properties": {
        "Code": {
          "ZipFile": "foo"
        },
        "Handler": "index.handler",
        "Role": {
          "Fn::GetAtt": [
            "MyLayeredLambdaServiceRole1A7DC118",
            "Arn"
          ]
        },
        "Runtime": "nodejs10.x",
        "Layers": [
          {
            "Ref": "MyLayer38944FA5"
          }
        ]
      },
      "DependsOn": [
        "MyLayeredLambdaServiceRole1A7DC118"
      ]
    }
  },
  "Parameters": {
    "AssetParameters5bfcc5e85793015838d125d6e30f1a931da22ebe768a9bad5cd1b17fd6bd0a3cS3BucketE8900D83": {
      "Type": "String",
      "Description": "S3 bucket for asset \"5bfcc5e85793015838d125d6e30f1a931da22ebe768a9bad5cd1b17fd6bd0a3c\""
    },
    "AssetParameters5bfcc5e85793015838d125d6e30f1a931da22ebe768a9bad5cd1b17fd6bd0a3cS3VersionKeyFD066EB8": {
      "Type": "String",
      "Description": "S3 key for asset version \"5bfcc5e85793015838d125d6e30f1a931da22ebe768a9bad5cd1b17fd6bd0a3c\""
    },
    "AssetParameters5bfcc5e85793015838d125d6e30f1a931da22ebe768a9bad5cd1b17fd6bd0a3cArtifactHashD5562C20": {
      "Type": "String",
      "Description": "Artifact hash for asset \"5bfcc5e85793015838d125d6e30f1a931da22ebe768a9bad5cd1b17fd6bd0a3c\""
    }
  }
}